divya@Divya MINGW64 ~/OneDrive/Desktop/WAD/assignment
$ cd part-A
$ git --version
$ git init
$ git add .
$ git status
$ git remote add origin "https://github.com/divyamahajan0007/assign.git"
$ git commit -m "First Commit"
$ git status
$ git push -u origin master
$ git status
$ git add .
$ git status
$ git commit -m "Second Commit"
$ git push -u origin master
$ git status




divya@Divya MINGW64 ~/OneDrive/Desktop/WAD/assignment
$ cd part-A

divya@Divya MINGW64 ~/OneDrive/Desktop/WAD/assignment/part-A
$ git --version
git version 2.43.0.windows.1

divya@Divya MINGW64 ~/OneDrive/Desktop/WAD/assignment/part-A
$ git init
Initialized empty Git repository in C:/Users/divya/OneDrive/Desktop/WAD/assignment/part-A/.git/

divya@Divya MINGW64 ~/OneDrive/Desktop/WAD/assignment/part-A (master)
$ git add .

divya@Divya MINGW64 ~/OneDrive/Desktop/WAD/assignment/part-A (master)
$ git status
On branch master

No commits yet

Changes to be committed:
  (use "git rm --cached <file>..." to unstage)
        new file:   file.txt


divya@Divya MINGW64 ~/OneDrive/Desktop/WAD/assignment/part-A (master)
$ git remote add origin "https://github.com/divyamahajan0007/assign.git"

divya@Divya MINGW64 ~/OneDrive/Desktop/WAD/assignment/part-A (master)
$ git commit -m "First Commit"
[master (root-commit) dc1c5bd] First Commit
 1 file changed, 2 insertions(+)
 create mode 100644 file.txt

divya@Divya MINGW64 ~/OneDrive/Desktop/WAD/assignment/part-A (master)
$ git status
On branch master
nothing to commit, working tree clean

divya@Divya MINGW64 ~/OneDrive/Desktop/WAD/assignment/part-A (master)
$ git push -u origin master
Enumerating objects: 3, done.
Counting objects: 100% (3/3), done.
Writing objects: 100% (3/3), 239 bytes | 239.00 KiB/s, done.
Total 3 (delta 0), reused 0 (delta 0), pack-reused 0
To https://github.com/divyamahajan0007/assign.git
 * [new branch]      master -> master
branch 'master' set up to track 'origin/master'.

divya@Divya MINGW64 ~/OneDrive/Desktop/WAD/assignment/part-A (master)
$ git status
On branch master
Your branch is up to date with 'origin/master'.

Untracked files:
  (use "git add <file>..." to include in what will be committed)
        file2.txt

nothing added to commit but untracked files present (use "git add" to track)

divya@Divya MINGW64 ~/OneDrive/Desktop/WAD/assignment/part-A (master)
$ git add .

divya@Divya MINGW64 ~/OneDrive/Desktop/WAD/assignment/part-A (master)
$ git push -u origin master
Everything up-to-date
branch 'master' set up to track 'origin/master'.

divya@Divya MINGW64 ~/OneDrive/Desktop/WAD/assignment/part-A (master)
$ git status
On branch master
Your branch is up to date with 'origin/master'.

Changes to be committed:
  (use "git restore --staged <file>..." to unstage)
        new file:   file2.txt


divya@Divya MINGW64 ~/OneDrive/Desktop/WAD/assignment/part-A (master)
$ git commit -m "Second Commit"
[master 1ce162c] Second Commit
 1 file changed, 2 insertions(+)
 create mode 100644 file2.txt

divya@Divya MINGW64 ~/OneDrive/Desktop/WAD/assignment/part-A (master)
$ git push -u origin master
Enumerating objects: 4, done.
Counting objects: 100% (4/4), done.
Delta compression using up to 4 threads
Compressing objects: 100% (2/2), done.
Writing objects: 100% (3/3), 302 bytes | 302.00 KiB/s, done.
Total 3 (delta 0), reused 0 (delta 0), pack-reused 0
To https://github.com/divyamahajan0007/assign.git
   dc1c5bd..1ce162c  master -> master
branch 'master' set up to track 'origin/master'.

divya@Divya MINGW64 ~/OneDrive/Desktop/WAD/assignment/part-A (master)
$ git status
On branch master
Your branch is up to date with 'origin/master'.

nothing to commit, working tree clean

